---
http_interactions:
- request:
    method: get
    uri: https://httpco.de/502
    body:
      encoding: ASCII-8BIT
      string: ''
    headers:
      Connection:
      - close
      Host:
      - httpco.de
      User-Agent:
      - http.rb/5.3.1
  response:
    status:
      code: 502
      message: Bad Gateway
    headers:
      Date:
      - Mon, 15 Dec 2025 15:17:43 GMT
      Content-Type:
      - text/plain; charset=utf-8
      Content-Length:
      - '11'
      Connection:
      - close
    body:
      encoding: UTF-8
      string: Bad Gateway
  recorded_at: Mon, 15 Dec 2025 15:17:43 GMT
- request:
    method: get
    uri: https://httpco.de/502
    body:
      encoding: ASCII-8BIT
      string: ''
    headers:
      Connection:
      - close
      Host:
      - httpco.de
      User-Agent:
      - http.rb/5.3.1
  response:
    status:
      code: 502
      message: Bad Gateway
    headers:
      Date:
      - Mon, 15 Dec 2025 15:17:43 GMT
      Content-Type:
      - text/plain; charset=utf-8
      Content-Length:
      - '11'
      Connection:
      - close
    body:
      encoding: UTF-8
      string: Bad Gateway
  recorded_at: Mon, 15 Dec 2025 15:17:43 GMT
- request:
    method: get
    uri: https://httpco.de/502
    body:
      encoding: ASCII-8BIT
      string: ''
    headers:
      Connection:
      - close
      Host:
      - httpco.de
      User-Agent:
      - http.rb/5.3.1
  response:
    status:
      code: 502
      message: Bad Gateway
    headers:
      Date:
      - Mon, 15 Dec 2025 15:17:44 GMT
      Content-Type:
      - text/plain; charset=utf-8
      Content-Length:
      - '11'
      Connection:
      - close
    body:
      encoding: UTF-8
      string: Bad Gateway
  recorded_at: Mon, 15 Dec 2025 15:17:44 GMT
- request:
    method: get
    uri: https://httpco.de/502
    body:
      encoding: ASCII-8BIT
      string: ''
    headers:
      Connection:
      - close
      Host:
      - httpco.de
      User-Agent:
      - http.rb/5.3.1
  response:
    status:
      code: 502
      message: Bad Gateway
    headers:
      Date:
      - Mon, 15 Dec 2025 15:17:45 GMT
      Content-Type:
      - text/plain; charset=utf-8
      Content-Length:
      - '11'
      Connection:
      - close
    body:
      encoding: UTF-8
      string: Bad Gateway
  recorded_at: Mon, 15 Dec 2025 15:17:45 GMT
- request:
    method: get
    uri: https://httpco.de/502
    body:
      encoding: ASCII-8BIT
      string: ''
    headers:
      Connection:
      - close
      Host:
      - httpco.de
      User-Agent:
      - http.rb/5.3.1
  response:
    status:
      code: 502
      message: Bad Gateway
    headers:
      Date:
      - Mon, 15 Dec 2025 15:17:46 GMT
      Content-Type:
      - text/plain; charset=utf-8
      Content-Length:
      - '11'
      Connection:
      - close
    body:
      encoding: UTF-8
      string: Bad Gateway
  recorded_at: Mon, 15 Dec 2025 15:17:46 GMT
recorded_with: VCR 6.3.1
